  [32m➜[39m  [1mLocal[22m:   [36mhttp://localhost:[1m4173[22m/[39m
  [32m➜[39m  [1mNetwork[22m: [36mhttp://192.168.100.78:[1m4173[22m/[39m
[2m[32m  ➜[39m[22m[2m  press [22m[1mh + enter[22m[2m to show help[22m
[2m04:31:59[22m [31m[1m[vite][22m[39m [31mhttp proxy error: /api/auth/status[39m
AggregateError [ECONNREFUSED]: 
    at internalConnectMultiple (node:net:1193:18)
    at afterConnectMultiple (node:net:1783:7)
[2m04:31:59[22m [31m[1m[vite][22m[39m [31mhttp proxy error: /api/auth/status[39m
AggregateError [ECONNREFUSED]: 
    at internalConnectMultiple (node:net:1193:18)
    at afterConnectMultiple (node:net:1783:7)
[2m04:32:58[22m [31m[1m[vite][22m[39m [31mhttp proxy error: /api/auth/status[39m
AggregateError [ECONNREFUSED]: 
    at internalConnectMultiple (node:net:1193:18)
    at afterConnectMultiple (node:net:1783:7)
[2m04:32:58[22m [31m[1m[vite][22m[39m [31mhttp proxy error: /api/auth/status[39m
AggregateError [ECONNREFUSED]: 
    at internalConnectMultiple (node:net:1193:18)
    at afterConnectMultiple (node:net:1783:7)
[2m04:33:58[22m [31m[1m[vite][22m[39m [31mhttp proxy error: /api/auth/status[39m
AggregateError [ECONNREFUSED]: 
    at internalConnectMultiple (node:net:1193:18)
    at afterConnectMultiple (node:net:1783:7)
[2m04:33:58[22m [31m[1m[vite][22m[39m [31mhttp proxy error: /api/auth/status[39m
AggregateError [ECONNREFUSED]: 
    at internalConnectMultiple (node:net:1193:18)
    at afterConnectMultiple (node:net:1783:7)
[2m04:34:35[22m [31m[1m[vite][22m[39m [31mhttp proxy error: /api/auth/status[39m
AggregateError [ECONNREFUSED]: 
    at internalConnectMultiple (node:net:1193:18)
    at afterConnectMultiple (node:net:1783:7)
[2m04:34:35[22m [31m[1m[vite][22m[39m [31mhttp proxy error: /api/auth/me[39m
AggregateError [ECONNREFUSED]: 
    at internalConnectMultiple (node:net:1193:18)
    at afterConnectMultiple (node:net:1783:7)
[2m04:34:41[22m [31m[1m[vite][22m[39m [31mhttp proxy error: /api/auth/status[39m
AggregateError [ECONNREFUSED]: 
    at internalConnectMultiple (node:net:1193:18)
    at afterConnectMultiple (node:net:1783:7)
[2m04:34:47[22m [31m[1m[vite][22m[39m [31mhttp proxy error: /api/auth/status[39m
AggregateError [ECONNREFUSED]: 
    at internalConnectMultiple (node:net:1193:18)
    at afterConnectMultiple (node:net:1783:7)
[2m04:34:53[22m [31m[1m[vite][22m[39m [31mhttp proxy error: /api/auth/status[39m
AggregateError [ECONNREFUSED]: 
    at internalConnectMultiple (node:net:1193:18)
    at afterConnectMultiple (node:net:1783:7)
[2m04:34:58[22m [31m[1m[vite][22m[39m [31mhttp proxy error: /api/auth/status[39m
AggregateError [ECONNREFUSED]: 
    at internalConnectMultiple (node:net:1193:18)
    at afterConnectMultiple (node:net:1783:7)
[2m04:34:58[22m [31m[1m[vite][22m[39m [31mhttp proxy error: /api/auth/status[39m
AggregateError [ECONNREFUSED]: 
    at internalConnectMultiple (node:net:1193:18)
    at afterConnectMultiple (node:net:1783:7)
[2m04:34:59[22m [31m[1m[vite][22m[39m [31mhttp proxy error: /api/auth/status[39m
AggregateError [ECONNREFUSED]: 
    at internalConnectMultiple (node:net:1193:18)
    at afterConnectMultiple (node:net:1783:7)
[2m04:35:05[22m [31m[1m[vite][22m[39m [31mhttp proxy error: /api/auth/status[39m
AggregateError [ECONNREFUSED]: 
    at internalConnectMultiple (node:net:1193:18)
    at afterConnectMultiple (node:net:1783:7)
[2m04:35:11[22m [31m[1m[vite][22m[39m [31mhttp proxy error: /api/auth/status[39m
AggregateError [ECONNREFUSED]: 
    at internalConnectMultiple (node:net:1193:18)
    at afterConnectMultiple (node:net:1783:7)
[2m04:35:18[22m [31m[1m[vite][22m[39m [31mhttp proxy error: /api/auth/status[39m
AggregateError [ECONNREFUSED]: 
    at internalConnectMultiple (node:net:1193:18)
    at afterConnectMultiple (node:net:1783:7)
[2m04:35:23[22m [31m[1m[vite][22m[39m [31mhttp proxy error: /api/auth/status[39m
AggregateError [ECONNREFUSED]: 
    at internalConnectMultiple (node:net:1193:18)
    at afterConnectMultiple (node:net:1783:7)
[2m04:35:29[22m [31m[1m[vite][22m[39m [31mhttp proxy error: /api/auth/status[39m
AggregateError [ECONNREFUSED]: 
    at internalConnectMultiple (node:net:1193:18)
    at afterConnectMultiple (node:net:1783:7)
[2m04:35:35[22m [31m[1m[vite][22m[39m [31mhttp proxy error: /api/auth/status[39m
AggregateError [ECONNREFUSED]: 
    at internalConnectMultiple (node:net:1193:18)
    at afterConnectMultiple (node:net:1783:7)
[2m04:35:41[22m [31m[1m[vite][22m[39m [31mhttp proxy error: /api/auth/status[39m
AggregateError [ECONNREFUSED]: 
    at internalConnectMultiple (node:net:1193:18)
    at afterConnectMultiple (node:net:1783:7)
[2m04:35:47[22m [31m[1m[vite][22m[39m [31mhttp proxy error: /api/auth/status[39m
AggregateError [ECONNREFUSED]: 
    at internalConnectMultiple (node:net:1193:18)
    at afterConnectMultiple (node:net:1783:7)
[2m04:35:53[22m [31m[1m[vite][22m[39m [31mhttp proxy error: /api/auth/status[39m
AggregateError [ECONNREFUSED]: 
    at internalConnectMultiple (node:net:1193:18)
    at afterConnectMultiple (node:net:1783:7)
[2m04:35:58[22m [31m[1m[vite][22m[39m [31mhttp proxy error: /api/auth/status[39m
AggregateError [ECONNREFUSED]: 
    at internalConnectMultiple (node:net:1193:18)
    at afterConnectMultiple (node:net:1783:7)
[2m04:35:58[22m [31m[1m[vite][22m[39m [31mhttp proxy error: /api/auth/status[39m
AggregateError [ECONNREFUSED]: 
    at internalConnectMultiple (node:net:1193:18)
    at afterConnectMultiple (node:net:1783:7)
[2m04:36:00[22m [31m[1m[vite][22m[39m [31mhttp proxy error: /api/auth/status[39m
AggregateError [ECONNREFUSED]: 
    at internalConnectMultiple (node:net:1193:18)
    at afterConnectMultiple (node:net:1783:7)
[2m04:36:06[22m [31m[1m[vite][22m[39m [31mhttp proxy error: /api/auth/status[39m
AggregateError [ECONNREFUSED]: 
    at internalConnectMultiple (node:net:1193:18)
    at afterConnectMultiple (node:net:1783:7)
[2m04:36:12[22m [31m[1m[vite][22m[39m [31mhttp proxy error: /api/auth/status[39m
AggregateError [ECONNREFUSED]: 
    at internalConnectMultiple (node:net:1193:18)
    at afterConnectMultiple (node:net:1783:7)
[2m04:36:18[22m [31m[1m[vite][22m[39m [31mhttp proxy error: /api/auth/status[39m
AggregateError [ECONNREFUSED]: 
    at internalConnectMultiple (node:net:1193:18)
    at afterConnectMultiple (node:net:1783:7)
[2m04:36:24[22m [31m[1m[vite][22m[39m [31mhttp proxy error: /api/auth/status[39m
AggregateError [ECONNREFUSED]: 
    at internalConnectMultiple (node:net:1193:18)
    at afterConnectMultiple (node:net:1783:7)
[2m04:36:30[22m [31m[1m[vite][22m[39m [31mhttp proxy error: /api/auth/status[39m
AggregateError [ECONNREFUSED]: 
    at internalConnectMultiple (node:net:1193:18)
    at afterConnectMultiple (node:net:1783:7)
[2m04:36:36[22m [31m[1m[vite][22m[39m [31mhttp proxy error: /api/auth/status[39m
AggregateError [ECONNREFUSED]: 
    at internalConnectMultiple (node:net:1193:18)
    at afterConnectMultiple (node:net:1783:7)
[2m04:36:42[22m [31m[1m[vite][22m[39m [31mhttp proxy error: /api/auth/status[39m
AggregateError [ECONNREFUSED]: 
    at internalConnectMultiple (node:net:1193:18)
    at afterConnectMultiple (node:net:1783:7)
[2m04:36:48[22m [31m[1m[vite][22m[39m [31mhttp proxy error: /api/auth/status[39m
AggregateError [ECONNREFUSED]: 
    at internalConnectMultiple (node:net:1193:18)
    at afterConnectMultiple (node:net:1783:7)
[2m04:36:54[22m [31m[1m[vite][22m[39m [31mhttp proxy error: /api/auth/status[39m
AggregateError [ECONNREFUSED]: 
    at internalConnectMultiple (node:net:1193:18)
    at afterConnectMultiple (node:net:1783:7)
[2m04:36:58[22m [31m[1m[vite][22m[39m [31mhttp proxy error: /api/auth/status[39m
AggregateError [ECONNREFUSED]: 
    at internalConnectMultiple (node:net:1193:18)
    at afterConnectMultiple (node:net:1783:7)
[2m04:36:58[22m [31m[1m[vite][22m[39m [31mhttp proxy error: /api/auth/status[39m
AggregateError [ECONNREFUSED]: 
    at internalConnectMultiple (node:net:1193:18)
    at afterConnectMultiple (node:net:1783:7)
[2m04:37:57[22m [31m[1m[vite][22m[39m [31mhttp proxy error: /api/auth/status[39m
AggregateError [ECONNREFUSED]: 
    at internalConnectMultiple (node:net:1193:18)
    at afterConnectMultiple (node:net:1783:7)
[2m04:37:58[22m [31m[1m[vite][22m[39m [31mhttp proxy error: /api/auth/status[39m
AggregateError [ECONNREFUSED]: 
    at internalConnectMultiple (node:net:1193:18)
    at afterConnectMultiple (node:net:1783:7)
[2m04:37:58[22m [31m[1m[vite][22m[39m [31mhttp proxy error: /api/auth/status[39m
AggregateError [ECONNREFUSED]: 
    at internalConnectMultiple (node:net:1193:18)
    at afterConnectMultiple (node:net:1783:7)
[2m04:38:58[22m [31m[1m[vite][22m[39m [31mhttp proxy error: /api/auth/status[39m
AggregateError [ECONNREFUSED]: 
    at internalConnectMultiple (node:net:1193:18)
    at afterConnectMultiple (node:net:1783:7)
[2m04:38:58[22m [31m[1m[vite][22m[39m [31mhttp proxy error: /api/auth/status[39m
AggregateError [ECONNREFUSED]: 
    at internalConnectMultiple (node:net:1193:18)
    at afterConnectMultiple (node:net:1783:7)
[2m04:38:58[22m [31m[1m[vite][22m[39m [31mhttp proxy error: /api/auth/status[39m
AggregateError [ECONNREFUSED]: 
    at internalConnectMultiple (node:net:1193:18)
    at afterConnectMultiple (node:net:1783:7)
[2m04:39:41[22m [31m[1m[vite][22m[39m [31mhttp proxy error: /api/auth/status[39m
AggregateError [ECONNREFUSED]: 
    at internalConnectMultiple (node:net:1193:18)
    at afterConnectMultiple (node:net:1783:7)
[2m04:39:43[22m [31m[1m[vite][22m[39m [31mhttp proxy error: /api/auth/status[39m
AggregateError [ECONNREFUSED]: 
    at internalConnectMultiple (node:net:1193:18)
    at afterConnectMultiple (node:net:1783:7)
[2m04:39:43[22m [31m[1m[vite][22m[39m [31mhttp proxy error: /api/auth/me[39m
AggregateError [ECONNREFUSED]: 
    at internalConnectMultiple (node:net:1193:18)
    at afterConnectMultiple (node:net:1783:7)
[2m04:39:49[22m [31m[1m[vite][22m[39m [31mhttp proxy error: /api/auth/status[39m
AggregateError [ECONNREFUSED]: 
    at internalConnectMultiple (node:net:1193:18)
    at afterConnectMultiple (node:net:1783:7)
[2m04:39:55[22m [31m[1m[vite][22m[39m [31mhttp proxy error: /api/auth/status[39m
AggregateError [ECONNREFUSED]: 
    at internalConnectMultiple (node:net:1193:18)
    at afterConnectMultiple (node:net:1783:7)
[2m04:39:58[22m [31m[1m[vite][22m[39m [31mhttp proxy error: /api/auth/status[39m
AggregateError [ECONNREFUSED]: 
    at internalConnectMultiple (node:net:1193:18)
    at afterConnectMultiple (node:net:1783:7)
[2m04:39:58[22m [31m[1m[vite][22m[39m [31mhttp proxy error: /api/auth/status[39m
AggregateError [ECONNREFUSED]: 
    at internalConnectMultiple (node:net:1193:18)
    at afterConnectMultiple (node:net:1783:7)
[2m04:40:02[22m [31m[1m[vite][22m[39m [31mhttp proxy error: /api/auth/status[39m
AggregateError [ECONNREFUSED]: 
    at internalConnectMultiple (node:net:1193:18)
    at afterConnectMultiple (node:net:1783:7)
[2m04:40:08[22m [31m[1m[vite][22m[39m [31mhttp proxy error: /api/auth/status[39m
AggregateError [ECONNREFUSED]: 
    at internalConnectMultiple (node:net:1193:18)
    at afterConnectMultiple (node:net:1783:7)
[2m04:40:14[22m [31m[1m[vite][22m[39m [31mhttp proxy error: /api/auth/status[39m
AggregateError [ECONNREFUSED]: 
    at internalConnectMultiple (node:net:1193:18)
    at afterConnectMultiple (node:net:1783:7)
[2m04:40:20[22m [31m[1m[vite][22m[39m [31mhttp proxy error: /api/auth/status[39m
AggregateError [ECONNREFUSED]: 
    at internalConnectMultiple (node:net:1193:18)
    at afterConnectMultiple (node:net:1783:7)
[2m04:40:26[22m [31m[1m[vite][22m[39m [31mhttp proxy error: /api/auth/status[39m
AggregateError [ECONNREFUSED]: 
    at internalConnectMultiple (node:net:1193:18)
    at afterConnectMultiple (node:net:1783:7)
[2m04:40:32[22m [31m[1m[vite][22m[39m [31mhttp proxy error: /api/auth/status[39m
AggregateError [ECONNREFUSED]: 
    at internalConnectMultiple (node:net:1193:18)
    at afterConnectMultiple (node:net:1783:7)
[2m04:40:38[22m [31m[1m[vite][22m[39m [31mhttp proxy error: /api/auth/status[39m
AggregateError [ECONNREFUSED]: 
    at internalConnectMultiple (node:net:1193:18)
    at afterConnectMultiple (node:net:1783:7)
[2m04:40:44[22m [31m[1m[vite][22m[39m [31mhttp proxy error: /api/auth/status[39m
AggregateError [ECONNREFUSED]: 
    at internalConnectMultiple (node:net:1193:18)
    at afterConnectMultiple (node:net:1783:7)
[2m04:40:50[22m [31m[1m[vite][22m[39m [31mhttp proxy error: /api/auth/status[39m
AggregateError [ECONNREFUSED]: 
    at internalConnectMultiple (node:net:1193:18)
    at afterConnectMultiple (node:net:1783:7)
[2m04:40:56[22m [31m[1m[vite][22m[39m [31mhttp proxy error: /api/auth/status[39m
AggregateError [ECONNREFUSED]: 
    at internalConnectMultiple (node:net:1193:18)
    at afterConnectMultiple (node:net:1783:7)
[2m04:40:58[22m [31m[1m[vite][22m[39m [31mhttp proxy error: /api/auth/status[39m
AggregateError [ECONNREFUSED]: 
    at internalConnectMultiple (node:net:1193:18)
    at afterConnectMultiple (node:net:1783:7)
[2m04:40:58[22m [31m[1m[vite][22m[39m [31mhttp proxy error: /api/auth/status[39m
AggregateError [ECONNREFUSED]: 
    at internalConnectMultiple (node:net:1193:18)
    at afterConnectMultiple (node:net:1783:7)
[2m04:41:57[22m [31m[1m[vite][22m[39m [31mhttp proxy error: /api/auth/status[39m
AggregateError [ECONNREFUSED]: 
    at internalConnectMultiple (node:net:1193:18)
    at afterConnectMultiple (node:net:1783:7)
[2m04:41:58[22m [31m[1m[vite][22m[39m [31mhttp proxy error: /api/auth/status[39m
AggregateError [ECONNREFUSED]: 
    at internalConnectMultiple (node:net:1193:18)
    at afterConnectMultiple (node:net:1783:7)
[2m04:41:58[22m [31m[1m[vite][22m[39m [31mhttp proxy error: /api/auth/status[39m
AggregateError [ECONNREFUSED]: 
    at internalConnectMultiple (node:net:1193:18)
    at afterConnectMultiple (node:net:1783:7)
[2m04:42:58[22m [31m[1m[vite][22m[39m [31mhttp proxy error: /api/auth/status[39m
AggregateError [ECONNREFUSED]: 
    at internalConnectMultiple (node:net:1193:18)
    at afterConnectMultiple (node:net:1783:7)
[2m04:42:58[22m [31m[1m[vite][22m[39m [31mhttp proxy error: /api/auth/status[39m
AggregateError [ECONNREFUSED]: 
    at internalConnectMultiple (node:net:1193:18)
    at afterConnectMultiple (node:net:1783:7)
[2m04:42:58[22m [31m[1m[vite][22m[39m [31mhttp proxy error: /api/auth/status[39m
AggregateError [ECONNREFUSED]: 
    at internalConnectMultiple (node:net:1193:18)
    at afterConnectMultiple (node:net:1783:7)
[2m04:43:01[22m [31m[1m[vite][22m[39m [31mhttp proxy error: /api/auth/status[39m
AggregateError [ECONNREFUSED]: 
    at internalConnectMultiple (node:net:1193:18)
    at afterConnectMultiple (node:net:1783:7)
[2m04:43:08[22m [31m[1m[vite][22m[39m [31mhttp proxy error: /api/auth/status[39m
AggregateError [ECONNREFUSED]: 
    at internalConnectMultiple (node:net:1193:18)
    at afterConnectMultiple (node:net:1783:7)
[2m04:43:14[22m [31m[1m[vite][22m[39m [31mhttp proxy error: /api/auth/status[39m
AggregateError [ECONNREFUSED]: 
    at internalConnectMultiple (node:net:1193:18)
    at afterConnectMultiple (node:net:1783:7)
[2m04:43:20[22m [31m[1m[vite][22m[39m [31mhttp proxy error: /api/auth/status[39m
AggregateError [ECONNREFUSED]: 
    at internalConnectMultiple (node:net:1193:18)
    at afterConnectMultiple (node:net:1783:7)
[2m04:43:26[22m [31m[1m[vite][22m[39m [31mhttp proxy error: /api/auth/status[39m
AggregateError [ECONNREFUSED]: 
    at internalConnectMultiple (node:net:1193:18)
    at afterConnectMultiple (node:net:1783:7)
[2m04:43:32[22m [31m[1m[vite][22m[39m [31mhttp proxy error: /api/auth/status[39m
AggregateError [ECONNREFUSED]: 
    at internalConnectMultiple (node:net:1193:18)
    at afterConnectMultiple (node:net:1783:7)
[2m04:43:38[22m [31m[1m[vite][22m[39m [31mhttp proxy error: /api/auth/status[39m
AggregateError [ECONNREFUSED]: 
    at internalConnectMultiple (node:net:1193:18)
    at afterConnectMultiple (node:net:1783:7)
[2m04:43:44[22m [31m[1m[vite][22m[39m [31mhttp proxy error: /api/auth/status[39m
AggregateError [ECONNREFUSED]: 
    at internalConnectMultiple (node:net:1193:18)
    at afterConnectMultiple (node:net:1783:7)
[2m04:43:50[22m [31m[1m[vite][22m[39m [31mhttp proxy error: /api/auth/status[39m
AggregateError [ECONNREFUSED]: 
    at internalConnectMultiple (node:net:1193:18)
    at afterConnectMultiple (node:net:1783:7)
[2m04:43:56[22m [31m[1m[vite][22m[39m [31mhttp proxy error: /api/auth/status[39m
AggregateError [ECONNREFUSED]: 
    at internalConnectMultiple (node:net:1193:18)
    at afterConnectMultiple (node:net:1783:7)
[2m04:43:58[22m [31m[1m[vite][22m[39m [31mhttp proxy error: /api/auth/status[39m
AggregateError [ECONNREFUSED]: 
    at internalConnectMultiple (node:net:1193:18)
    at afterConnectMultiple (node:net:1783:7)
[2m04:43:58[22m [31m[1m[vite][22m[39m [31mhttp proxy error: /api/auth/status[39m
AggregateError [ECONNREFUSED]: 
    at internalConnectMultiple (node:net:1193:18)
    at afterConnectMultiple (node:net:1783:7)
[2m04:44:02[22m [31m[1m[vite][22m[39m [31mhttp proxy error: /api/auth/status[39m
AggregateError [ECONNREFUSED]: 
    at internalConnectMultiple (node:net:1193:18)
    at afterConnectMultiple (node:net:1783:7)
[2m04:44:58[22m [31m[1m[vite][22m[39m [31mhttp proxy error: /api/auth/status[39m
AggregateError [ECONNREFUSED]: 
    at internalConnectMultiple (node:net:1193:18)
    at afterConnectMultiple (node:net:1783:7)
[2m04:44:58[22m [31m[1m[vite][22m[39m [31mhttp proxy error: /api/auth/status[39m
AggregateError [ECONNREFUSED]: 
    at internalConnectMultiple (node:net:1193:18)
    at afterConnectMultiple (node:net:1783:7)
[2m04:44:58[22m [31m[1m[vite][22m[39m [31mhttp proxy error: /api/auth/status[39m
AggregateError [ECONNREFUSED]: 
    at internalConnectMultiple (node:net:1193:18)
    at afterConnectMultiple (node:net:1783:7)
[2m04:45:58[22m [31m[1m[vite][22m[39m [31mhttp proxy error: /api/auth/status[39m
AggregateError [ECONNREFUSED]: 
    at internalConnectMultiple (node:net:1193:18)
    at afterConnectMultiple (node:net:1783:7)
[2m04:45:58[22m [31m[1m[vite][22m[39m [31mhttp proxy error: /api/auth/status[39m
AggregateError [ECONNREFUSED]: 
    at internalConnectMultiple (node:net:1193:18)
    at afterConnectMultiple (node:net:1783:7)
[2m04:45:58[22m [31m[1m[vite][22m[39m [31mhttp proxy error: /api/auth/status[39m
AggregateError [ECONNREFUSED]: 
    at internalConnectMultiple (node:net:1193:18)
    at afterConnectMultiple (node:net:1783:7)
[2m04:46:58[22m [31m[1m[vite][22m[39m [31mhttp proxy error: /api/auth/status[39m
AggregateError [ECONNREFUSED]: 
    at internalConnectMultiple (node:net:1193:18)
    at afterConnectMultiple (node:net:1783:7)
[2m04:46:58[22m [31m[1m[vite][22m[39m [31mhttp proxy error: /api/auth/status[39m
AggregateError [ECONNREFUSED]: 
    at internalConnectMultiple (node:net:1193:18)
    at afterConnectMultiple (node:net:1783:7)
[2m04:46:58[22m [31m[1m[vite][22m[39m [31mhttp proxy error: /api/auth/status[39m
AggregateError [ECONNREFUSED]: 
    at internalConnectMultiple (node:net:1193:18)
    at afterConnectMultiple (node:net:1783:7)
[2m04:47:58[22m [31m[1m[vite][22m[39m [31mhttp proxy error: /api/auth/status[39m
AggregateError [ECONNREFUSED]: 
    at internalConnectMultiple (node:net:1193:18)
    at afterConnectMultiple (node:net:1783:7)
[2m04:47:58[22m [31m[1m[vite][22m[39m [31mhttp proxy error: /api/auth/status[39m
AggregateError [ECONNREFUSED]: 
    at internalConnectMultiple (node:net:1193:18)
    at afterConnectMultiple (node:net:1783:7)
[2m04:47:58[22m [31m[1m[vite][22m[39m [31mhttp proxy error: /api/auth/status[39m
AggregateError [ECONNREFUSED]: 
    at internalConnectMultiple (node:net:1193:18)
    at afterConnectMultiple (node:net:1783:7)
[2m04:48:58[22m [31m[1m[vite][22m[39m [31mhttp proxy error: /api/auth/status[39m
AggregateError [ECONNREFUSED]: 
    at internalConnectMultiple (node:net:1193:18)
    at afterConnectMultiple (node:net:1783:7)
[2m04:48:58[22m [31m[1m[vite][22m[39m [31mhttp proxy error: /api/auth/status[39m
AggregateError [ECONNREFUSED]: 
    at internalConnectMultiple (node:net:1193:18)
    at afterConnectMultiple (node:net:1783:7)
[2m04:48:58[22m [31m[1m[vite][22m[39m [31mhttp proxy error: /api/auth/status[39m
AggregateError [ECONNREFUSED]: 
    at internalConnectMultiple (node:net:1193:18)
    at afterConnectMultiple (node:net:1783:7)
[2m04:49:58[22m [31m[1m[vite][22m[39m [31mhttp proxy error: /api/auth/status[39m
AggregateError [ECONNREFUSED]: 
    at internalConnectMultiple (node:net:1193:18)
    at afterConnectMultiple (node:net:1783:7)
[2m04:49:58[22m [31m[1m[vite][22m[39m [31mhttp proxy error: /api/auth/status[39m
AggregateError [ECONNREFUSED]: 
    at internalConnectMultiple (node:net:1193:18)
    at afterConnectMultiple (node:net:1783:7)
[2m04:49:58[22m [31m[1m[vite][22m[39m [31mhttp proxy error: /api/auth/status[39m
AggregateError [ECONNREFUSED]: 
    at internalConnectMultiple (node:net:1193:18)
    at afterConnectMultiple (node:net:1783:7)
[2m04:50:58[22m [31m[1m[vite][22m[39m [31mhttp proxy error: /api/auth/status[39m
AggregateError [ECONNREFUSED]: 
    at internalConnectMultiple (node:net:1193:18)
    at afterConnectMultiple (node:net:1783:7)
[2m04:50:58[22m [31m[1m[vite][22m[39m [31mhttp proxy error: /api/auth/status[39m
AggregateError [ECONNREFUSED]: 
    at internalConnectMultiple (node:net:1193:18)
    at afterConnectMultiple (node:net:1783:7)
[2m04:50:58[22m [31m[1m[vite][22m[39m [31mhttp proxy error: /api/auth/status[39m
AggregateError [ECONNREFUSED]: 
    at internalConnectMultiple (node:net:1193:18)
    at afterConnectMultiple (node:net:1783:7)
[2m04:51:05[22m [31m[1m[vite][22m[39m [31mhttp proxy error: /api/auth/status[39m
AggregateError [ECONNREFUSED]: 
    at internalConnectMultiple (node:net:1193:18)
    at afterConnectMultiple (node:net:1783:7)
[2m04:51:07[22m [31m[1m[vite][22m[39m [31mhttp proxy error: /api/auth/status[39m
AggregateError [ECONNREFUSED]: 
    at internalConnectMultiple (node:net:1193:18)
    at afterConnectMultiple (node:net:1783:7)
[2m04:51:08[22m [31m[1m[vite][22m[39m [31mhttp proxy error: /api/auth/status[39m
AggregateError [ECONNREFUSED]: 
    at internalConnectMultiple (node:net:1193:18)
    at afterConnectMultiple (node:net:1783:7)
[2m04:51:08[22m [31m[1m[vite][22m[39m [31mhttp proxy error: /api/auth/me[39m
AggregateError [ECONNREFUSED]: 
    at internalConnectMultiple (node:net:1193:18)
    at afterConnectMultiple (node:net:1783:7)
[2m04:51:14[22m [31m[1m[vite][22m[39m [31mhttp proxy error: /api/auth/status[39m
AggregateError [ECONNREFUSED]: 
    at internalConnectMultiple (node:net:1193:18)
    at afterConnectMultiple (node:net:1783:7)
[2m04:51:20[22m [31m[1m[vite][22m[39m [31mhttp proxy error: /api/auth/status[39m
AggregateError [ECONNREFUSED]: 
    at internalConnectMultiple (node:net:1193:18)
    at afterConnectMultiple (node:net:1783:7)
[2m04:51:26[22m [31m[1m[vite][22m[39m [31mhttp proxy error: /api/auth/status[39m
AggregateError [ECONNREFUSED]: 
    at internalConnectMultiple (node:net:1193:18)
    at afterConnectMultiple (node:net:1783:7)
[2m04:51:32[22m [31m[1m[vite][22m[39m [31mhttp proxy error: /api/auth/status[39m
AggregateError [ECONNREFUSED]: 
    at internalConnectMultiple (node:net:1193:18)
    at afterConnectMultiple (node:net:1783:7)
[2m04:51:38[22m [31m[1m[vite][22m[39m [31mhttp proxy error: /api/auth/status[39m
AggregateError [ECONNREFUSED]: 
    at internalConnectMultiple (node:net:1193:18)
    at afterConnectMultiple (node:net:1783:7)
[2m04:51:44[22m [31m[1m[vite][22m[39m [31mhttp proxy error: /api/auth/status[39m
AggregateError [ECONNREFUSED]: 
    at internalConnectMultiple (node:net:1193:18)
    at afterConnectMultiple (node:net:1783:7)
[2m04:51:50[22m [31m[1m[vite][22m[39m [31mhttp proxy error: /api/auth/status[39m
AggregateError [ECONNREFUSED]: 
    at internalConnectMultiple (node:net:1193:18)
    at afterConnectMultiple (node:net:1783:7)
[2m04:51:56[22m [31m[1m[vite][22m[39m [31mhttp proxy error: /api/auth/status[39m
AggregateError [ECONNREFUSED]: 
    at internalConnectMultiple (node:net:1193:18)
    at afterConnectMultiple (node:net:1783:7)
[2m04:51:58[22m [31m[1m[vite][22m[39m [31mhttp proxy error: /api/auth/status[39m
AggregateError [ECONNREFUSED]: 
    at internalConnectMultiple (node:net:1193:18)
    at afterConnectMultiple (node:net:1783:7)
[2m04:51:58[22m [31m[1m[vite][22m[39m [31mhttp proxy error: /api/auth/status[39m
AggregateError [ECONNREFUSED]: 
    at internalConnectMultiple (node:net:1193:18)
    at afterConnectMultiple (node:net:1783:7)
[2m04:52:02[22m [31m[1m[vite][22m[39m [31mhttp proxy error: /api/auth/status[39m
AggregateError [ECONNREFUSED]: 
    at internalConnectMultiple (node:net:1193:18)
    at afterConnectMultiple (node:net:1783:7)
[2m04:52:08[22m [31m[1m[vite][22m[39m [31mhttp proxy error: /api/auth/status[39m
AggregateError [ECONNREFUSED]: 
    at internalConnectMultiple (node:net:1193:18)
    at afterConnectMultiple (node:net:1783:7)
[2m04:52:14[22m [31m[1m[vite][22m[39m [31mhttp proxy error: /api/auth/status[39m
AggregateError [ECONNREFUSED]: 
    at internalConnectMultiple (node:net:1193:18)
    at afterConnectMultiple (node:net:1783:7)
[2m04:52:20[22m [31m[1m[vite][22m[39m [31mhttp proxy error: /api/auth/status[39m
AggregateError [ECONNREFUSED]: 
    at internalConnectMultiple (node:net:1193:18)
    at afterConnectMultiple (node:net:1783:7)
[2m04:52:26[22m [31m[1m[vite][22m[39m [31mhttp proxy error: /api/auth/status[39m
AggregateError [ECONNREFUSED]: 
    at internalConnectMultiple (node:net:1193:18)
    at afterConnectMultiple (node:net:1783:7)
[2m04:52:32[22m [31m[1m[vite][22m[39m [31mhttp proxy error: /api/auth/status[39m
AggregateError [ECONNREFUSED]: 
    at internalConnectMultiple (node:net:1193:18)
    at afterConnectMultiple (node:net:1783:7)
[2m04:52:38[22m [31m[1m[vite][22m[39m [31mhttp proxy error: /api/auth/status[39m
AggregateError [ECONNREFUSED]: 
    at internalConnectMultiple (node:net:1193:18)
    at afterConnectMultiple (node:net:1783:7)
[2m04:52:44[22m [31m[1m[vite][22m[39m [31mhttp proxy error: /api/auth/status[39m
AggregateError [ECONNREFUSED]: 
    at internalConnectMultiple (node:net:1193:18)
    at afterConnectMultiple (node:net:1783:7)
[2m04:52:50[22m [31m[1m[vite][22m[39m [31mhttp proxy error: /api/auth/status[39m
AggregateError [ECONNREFUSED]: 
    at internalConnectMultiple (node:net:1193:18)
    at afterConnectMultiple (node:net:1783:7)
[2m04:52:56[22m [31m[1m[vite][22m[39m [31mhttp proxy error: /api/auth/status[39m
AggregateError [ECONNREFUSED]: 
    at internalConnectMultiple (node:net:1193:18)
    at afterConnectMultiple (node:net:1783:7)
[2m04:52:58[22m [31m[1m[vite][22m[39m [31mhttp proxy error: /api/auth/status[39m
AggregateError [ECONNREFUSED]: 
    at internalConnectMultiple (node:net:1193:18)
    at afterConnectMultiple (node:net:1783:7)
[2m04:52:58[22m [31m[1m[vite][22m[39m [31mhttp proxy error: /api/auth/status[39m
AggregateError [ECONNREFUSED]: 
    at internalConnectMultiple (node:net:1193:18)
    at afterConnectMultiple (node:net:1783:7)
[2m04:53:02[22m [31m[1m[vite][22m[39m [31mhttp proxy error: /api/auth/status[39m
AggregateError [ECONNREFUSED]: 
    at internalConnectMultiple (node:net:1193:18)
    at afterConnectMultiple (node:net:1783:7)
[2m04:53:08[22m [31m[1m[vite][22m[39m [31mhttp proxy error: /api/auth/status[39m
AggregateError [ECONNREFUSED]: 
    at internalConnectMultiple (node:net:1193:18)
    at afterConnectMultiple (node:net:1783:7)
[2m04:53:14[22m [31m[1m[vite][22m[39m [31mhttp proxy error: /api/auth/status[39m
AggregateError [ECONNREFUSED]: 
    at internalConnectMultiple (node:net:1193:18)
    at afterConnectMultiple (node:net:1783:7)
[2m04:53:20[22m [31m[1m[vite][22m[39m [31mhttp proxy error: /api/auth/status[39m
AggregateError [ECONNREFUSED]: 
    at internalConnectMultiple (node:net:1193:18)
    at afterConnectMultiple (node:net:1783:7)
[2m04:53:26[22m [31m[1m[vite][22m[39m [31mhttp proxy error: /api/auth/status[39m
AggregateError [ECONNREFUSED]: 
    at internalConnectMultiple (node:net:1193:18)
    at afterConnectMultiple (node:net:1783:7)
[2m04:53:32[22m [31m[1m[vite][22m[39m [31mhttp proxy error: /api/auth/status[39m
AggregateError [ECONNREFUSED]: 
    at internalConnectMultiple (node:net:1193:18)
    at afterConnectMultiple (node:net:1783:7)
[2m04:53:38[22m [31m[1m[vite][22m[39m [31mhttp proxy error: /api/auth/status[39m
AggregateError [ECONNREFUSED]: 
    at internalConnectMultiple (node:net:1193:18)
    at afterConnectMultiple (node:net:1783:7)
[2m04:53:44[22m [31m[1m[vite][22m[39m [31mhttp proxy error: /api/auth/status[39m
AggregateError [ECONNREFUSED]: 
    at internalConnectMultiple (node:net:1193:18)
    at afterConnectMultiple (node:net:1783:7)
[2m04:53:50[22m [31m[1m[vite][22m[39m [31mhttp proxy error: /api/auth/status[39m
AggregateError [ECONNREFUSED]: 
    at internalConnectMultiple (node:net:1193:18)
    at afterConnectMultiple (node:net:1783:7)
[2m04:53:56[22m [31m[1m[vite][22m[39m [31mhttp proxy error: /api/auth/status[39m
AggregateError [ECONNREFUSED]: 
    at internalConnectMultiple (node:net:1193:18)
    at afterConnectMultiple (node:net:1783:7)
[2m04:53:58[22m [31m[1m[vite][22m[39m [31mhttp proxy error: /api/auth/status[39m
AggregateError [ECONNREFUSED]: 
    at internalConnectMultiple (node:net:1193:18)
    at afterConnectMultiple (node:net:1783:7)
[2m04:53:58[22m [31m[1m[vite][22m[39m [31mhttp proxy error: /api/auth/status[39m
AggregateError [ECONNREFUSED]: 
    at internalConnectMultiple (node:net:1193:18)
    at afterConnectMultiple (node:net:1783:7)
[2m04:54:02[22m [31m[1m[vite][22m[39m [31mhttp proxy error: /api/auth/status[39m
AggregateError [ECONNREFUSED]: 
    at internalConnectMultiple (node:net:1193:18)
    at afterConnectMultiple (node:net:1783:7)
[2m04:54:08[22m [31m[1m[vite][22m[39m [31mhttp proxy error: /api/auth/status[39m
AggregateError [ECONNREFUSED]: 
    at internalConnectMultiple (node:net:1193:18)
    at afterConnectMultiple (node:net:1783:7)
[2m04:54:14[22m [31m[1m[vite][22m[39m [31mhttp proxy error: /api/auth/status[39m
AggregateError [ECONNREFUSED]: 
    at internalConnectMultiple (node:net:1193:18)
    at afterConnectMultiple (node:net:1783:7)
[2m04:54:20[22m [31m[1m[vite][22m[39m [31mhttp proxy error: /api/auth/status[39m
AggregateError [ECONNREFUSED]: 
    at internalConnectMultiple (node:net:1193:18)
    at afterConnectMultiple (node:net:1783:7)
[2m04:54:26[22m [31m[1m[vite][22m[39m [31mhttp proxy error: /api/auth/status[39m
AggregateError [ECONNREFUSED]: 
    at internalConnectMultiple (node:net:1193:18)
    at afterConnectMultiple (node:net:1783:7)
[2m04:54:32[22m [31m[1m[vite][22m[39m [31mhttp proxy error: /api/auth/status[39m
AggregateError [ECONNREFUSED]: 
    at internalConnectMultiple (node:net:1193:18)
    at afterConnectMultiple (node:net:1783:7)
[2m04:54:38[22m [31m[1m[vite][22m[39m [31mhttp proxy error: /api/auth/status[39m
AggregateError [ECONNREFUSED]: 
    at internalConnectMultiple (node:net:1193:18)
    at afterConnectMultiple (node:net:1783:7)
[2m04:54:44[22m [31m[1m[vite][22m[39m [31mhttp proxy error: /api/auth/status[39m
AggregateError [ECONNREFUSED]: 
    at internalConnectMultiple (node:net:1193:18)
    at afterConnectMultiple (node:net:1783:7)
[2m04:54:50[22m [31m[1m[vite][22m[39m [31mhttp proxy error: /api/auth/status[39m
AggregateError [ECONNREFUSED]: 
    at internalConnectMultiple (node:net:1193:18)
    at afterConnectMultiple (node:net:1783:7)
[2m04:54:56[22m [31m[1m[vite][22m[39m [31mhttp proxy error: /api/auth/status[39m
AggregateError [ECONNREFUSED]: 
    at internalConnectMultiple (node:net:1193:18)
    at afterConnectMultiple (node:net:1783:7)
[2m04:54:58[22m [31m[1m[vite][22m[39m [31mhttp proxy error: /api/auth/status[39m
AggregateError [ECONNREFUSED]: 
    at internalConnectMultiple (node:net:1193:18)
    at afterConnectMultiple (node:net:1783:7)
[2m04:54:58[22m [31m[1m[vite][22m[39m [31mhttp proxy error: /api/auth/status[39m
AggregateError [ECONNREFUSED]: 
    at internalConnectMultiple (node:net:1193:18)
    at afterConnectMultiple (node:net:1783:7)
[2m04:55:02[22m [31m[1m[vite][22m[39m [31mhttp proxy error: /api/auth/status[39m
AggregateError [ECONNREFUSED]: 
    at internalConnectMultiple (node:net:1193:18)
    at afterConnectMultiple (node:net:1783:7)
[2m04:55:08[22m [31m[1m[vite][22m[39m [31mhttp proxy error: /api/auth/status[39m
AggregateError [ECONNREFUSED]: 
    at internalConnectMultiple (node:net:1193:18)
    at afterConnectMultiple (node:net:1783:7)
[2m04:55:14[22m [31m[1m[vite][22m[39m [31mhttp proxy error: /api/auth/status[39m
AggregateError [ECONNREFUSED]: 
    at internalConnectMultiple (node:net:1193:18)
    at afterConnectMultiple (node:net:1783:7)
[2m04:55:20[22m [31m[1m[vite][22m[39m [31mhttp proxy error: /api/auth/status[39m
AggregateError [ECONNREFUSED]: 
    at internalConnectMultiple (node:net:1193:18)
    at afterConnectMultiple (node:net:1783:7)
[2m04:55:26[22m [31m[1m[vite][22m[39m [31mhttp proxy error: /api/auth/status[39m
AggregateError [ECONNREFUSED]: 
    at internalConnectMultiple (node:net:1193:18)
    at afterConnectMultiple (node:net:1783:7)
[2m04:55:32[22m [31m[1m[vite][22m[39m [31mhttp proxy error: /api/auth/status[39m
AggregateError [ECONNREFUSED]: 
    at internalConnectMultiple (node:net:1193:18)
    at afterConnectMultiple (node:net:1783:7)
[2m04:55:38[22m [31m[1m[vite][22m[39m [31mhttp proxy error: /api/auth/status[39m
AggregateError [ECONNREFUSED]: 
    at internalConnectMultiple (node:net:1193:18)
    at afterConnectMultiple (node:net:1783:7)
[2m04:55:44[22m [31m[1m[vite][22m[39m [31mhttp proxy error: /api/auth/status[39m
AggregateError [ECONNREFUSED]: 
    at internalConnectMultiple (node:net:1193:18)
    at afterConnectMultiple (node:net:1783:7)
[2m04:55:50[22m [31m[1m[vite][22m[39m [31mhttp proxy error: /api/auth/status[39m
AggregateError [ECONNREFUSED]: 
    at internalConnectMultiple (node:net:1193:18)
    at afterConnectMultiple (node:net:1783:7)
[2m04:55:56[22m [31m[1m[vite][22m[39m [31mhttp proxy error: /api/auth/status[39m
AggregateError [ECONNREFUSED]: 
    at internalConnectMultiple (node:net:1193:18)
    at afterConnectMultiple (node:net:1783:7)
[2m04:55:58[22m [31m[1m[vite][22m[39m [31mhttp proxy error: /api/auth/status[39m
AggregateError [ECONNREFUSED]: 
    at internalConnectMultiple (node:net:1193:18)
    at afterConnectMultiple (node:net:1783:7)
[2m04:55:58[22m [31m[1m[vite][22m[39m [31mhttp proxy error: /api/auth/status[39m
AggregateError [ECONNREFUSED]: 
    at internalConnectMultiple (node:net:1193:18)
    at afterConnectMultiple (node:net:1783:7)
[2m04:56:02[22m [31m[1m[vite][22m[39m [31mhttp proxy error: /api/auth/status[39m
AggregateError [ECONNREFUSED]: 
    at internalConnectMultiple (node:net:1193:18)
    at afterConnectMultiple (node:net:1783:7)
[2m04:56:08[22m [31m[1m[vite][22m[39m [31mhttp proxy error: /api/auth/status[39m
AggregateError [ECONNREFUSED]: 
    at internalConnectMultiple (node:net:1193:18)
    at afterConnectMultiple (node:net:1783:7)
[2m04:56:14[22m [31m[1m[vite][22m[39m [31mhttp proxy error: /api/auth/status[39m
AggregateError [ECONNREFUSED]: 
    at internalConnectMultiple (node:net:1193:18)
    at afterConnectMultiple (node:net:1783:7)
[2m04:56:20[22m [31m[1m[vite][22m[39m [31mhttp proxy error: /api/auth/status[39m
AggregateError [ECONNREFUSED]: 
    at internalConnectMultiple (node:net:1193:18)
    at afterConnectMultiple (node:net:1783:7)
[2m04:56:26[22m [31m[1m[vite][22m[39m [31mhttp proxy error: /api/auth/status[39m
AggregateError [ECONNREFUSED]: 
    at internalConnectMultiple (node:net:1193:18)
    at afterConnectMultiple (node:net:1783:7)
[2m04:56:32[22m [31m[1m[vite][22m[39m [31mhttp proxy error: /api/auth/status[39m
AggregateError [ECONNREFUSED]: 
    at internalConnectMultiple (node:net:1193:18)
    at afterConnectMultiple (node:net:1783:7)
[2m04:56:38[22m [31m[1m[vite][22m[39m [31mhttp proxy error: /api/auth/status[39m
AggregateError [ECONNREFUSED]: 
    at internalConnectMultiple (node:net:1193:18)
    at afterConnectMultiple (node:net:1783:7)
[2m04:56:44[22m [31m[1m[vite][22m[39m [31mhttp proxy error: /api/auth/status[39m
AggregateError [ECONNREFUSED]: 
    at internalConnectMultiple (node:net:1193:18)
    at afterConnectMultiple (node:net:1783:7)
[2m04:56:45[22m [31m[1m[vite][22m[39m [31mhttp proxy error: /api/auth/status[39m
AggregateError [ECONNREFUSED]: 
    at internalConnectMultiple (node:net:1193:18)
    at afterConnectMultiple (node:net:1783:7)
[2m04:56:45[22m [31m[1m[vite][22m[39m [31mhttp proxy error: /api/auth/me[39m
AggregateError [ECONNREFUSED]: 
    at internalConnectMultiple (node:net:1193:18)
    at afterConnectMultiple (node:net:1783:7)
[2m04:56:51[22m [31m[1m[vite][22m[39m [31mhttp proxy error: /api/auth/status[39m
AggregateError [ECONNREFUSED]: 
    at internalConnectMultiple (node:net:1193:18)
    at afterConnectMultiple (node:net:1783:7)
[2m04:56:57[22m [31m[1m[vite][22m[39m [31mhttp proxy error: /api/auth/status[39m
AggregateError [ECONNREFUSED]: 
    at internalConnectMultiple (node:net:1193:18)
    at afterConnectMultiple (node:net:1783:7)
[2m04:56:58[22m [31m[1m[vite][22m[39m [31mhttp proxy error: /api/auth/status[39m
AggregateError [ECONNREFUSED]: 
    at internalConnectMultiple (node:net:1193:18)
    at afterConnectMultiple (node:net:1783:7)
[2m04:56:58[22m [31m[1m[vite][22m[39m [31mhttp proxy error: /api/auth/status[39m
AggregateError [ECONNREFUSED]: 
    at internalConnectMultiple (node:net:1193:18)
    at afterConnectMultiple (node:net:1783:7)
[2m04:57:04[22m [31m[1m[vite][22m[39m [31mhttp proxy error: /api/auth/status[39m
AggregateError [ECONNREFUSED]: 
    at internalConnectMultiple (node:net:1193:18)
    at afterConnectMultiple (node:net:1783:7)
[2m04:57:10[22m [31m[1m[vite][22m[39m [31mhttp proxy error: /api/auth/status[39m
AggregateError [ECONNREFUSED]: 
    at internalConnectMultiple (node:net:1193:18)
    at afterConnectMultiple (node:net:1783:7)
[2m04:57:16[22m [31m[1m[vite][22m[39m [31mhttp proxy error: /api/auth/status[39m
AggregateError [ECONNREFUSED]: 
    at internalConnectMultiple (node:net:1193:18)
    at afterConnectMultiple (node:net:1783:7)
[2m04:57:22[22m [31m[1m[vite][22m[39m [31mhttp proxy error: /api/auth/status[39m
AggregateError [ECONNREFUSED]: 
    at internalConnectMultiple (node:net:1193:18)
    at afterConnectMultiple (node:net:1783:7)
[2m04:57:28[22m [31m[1m[vite][22m[39m [31mhttp proxy error: /api/auth/status[39m
AggregateError [ECONNREFUSED]: 
    at internalConnectMultiple (node:net:1193:18)
    at afterConnectMultiple (node:net:1783:7)
[2m04:57:34[22m [31m[1m[vite][22m[39m [31mhttp proxy error: /api/auth/status[39m
AggregateError [ECONNREFUSED]: 
    at internalConnectMultiple (node:net:1193:18)
    at afterConnectMultiple (node:net:1783:7)
[2m04:57:40[22m [31m[1m[vite][22m[39m [31mhttp proxy error: /api/auth/status[39m
AggregateError [ECONNREFUSED]: 
    at internalConnectMultiple (node:net:1193:18)
    at afterConnectMultiple (node:net:1783:7)
[2m04:57:46[22m [31m[1m[vite][22m[39m [31mhttp proxy error: /api/auth/status[39m
AggregateError [ECONNREFUSED]: 
    at internalConnectMultiple (node:net:1193:18)
    at afterConnectMultiple (node:net:1783:7)
[2m04:57:52[22m [31m[1m[vite][22m[39m [31mhttp proxy error: /api/auth/status[39m
AggregateError [ECONNREFUSED]: 
    at internalConnectMultiple (node:net:1193:18)
    at afterConnectMultiple (node:net:1783:7)
[2m04:57:58[22m [31m[1m[vite][22m[39m [31mhttp proxy error: /api/auth/status[39m
AggregateError [ECONNREFUSED]: 
    at internalConnectMultiple (node:net:1193:18)
    at afterConnectMultiple (node:net:1783:7)
[2m04:57:58[22m [31m[1m[vite][22m[39m [31mhttp proxy error: /api/auth/status[39m
AggregateError [ECONNREFUSED]: 
    at internalConnectMultiple (node:net:1193:18)
    at afterConnectMultiple (node:net:1783:7)
[2m04:57:58[22m [31m[1m[vite][22m[39m [31mhttp proxy error: /api/auth/status[39m
AggregateError [ECONNREFUSED]: 
    at internalConnectMultiple (node:net:1193:18)
    at afterConnectMultiple (node:net:1783:7)
[2m04:58:39[22m [31m[1m[vite][22m[39m [31mhttp proxy error: /api/auth/status[39m
AggregateError [ECONNREFUSED]: 
    at internalConnectMultiple (node:net:1193:18)
    at afterConnectMultiple (node:net:1783:7)
[2m04:58:43[22m [31m[1m[vite][22m[39m [31mhttp proxy error: /api/auth/status[39m
AggregateError [ECONNREFUSED]: 
    at internalConnectMultiple (node:net:1193:18)
    at afterConnectMultiple (node:net:1783:7)
[2m04:58:43[22m [31m[1m[vite][22m[39m [31mhttp proxy error: /api/auth/me[39m
AggregateError [ECONNREFUSED]: 
    at internalConnectMultiple (node:net:1193:18)
    at afterConnectMultiple (node:net:1783:7)
[2m04:58:49[22m [31m[1m[vite][22m[39m [31mhttp proxy error: /api/auth/status[39m
AggregateError [ECONNREFUSED]: 
    at internalConnectMultiple (node:net:1193:18)
    at afterConnectMultiple (node:net:1783:7)
[2m04:58:55[22m [31m[1m[vite][22m[39m [31mhttp proxy error: /api/auth/status[39m
AggregateError [ECONNREFUSED]: 
    at internalConnectMultiple (node:net:1193:18)
    at afterConnectMultiple (node:net:1783:7)
[2m04:58:58[22m [31m[1m[vite][22m[39m [31mhttp proxy error: /api/auth/status[39m
AggregateError [ECONNREFUSED]: 
    at internalConnectMultiple (node:net:1193:18)
    at afterConnectMultiple (node:net:1783:7)
[2m04:58:58[22m [31m[1m[vite][22m[39m [31mhttp proxy error: /api/auth/status[39m
AggregateError [ECONNREFUSED]: 
    at internalConnectMultiple (node:net:1193:18)
    at afterConnectMultiple (node:net:1783:7)
[2m04:59:01[22m [31m[1m[vite][22m[39m [31mhttp proxy error: /api/auth/status[39m
AggregateError [ECONNREFUSED]: 
    at internalConnectMultiple (node:net:1193:18)
    at afterConnectMultiple (node:net:1783:7)
[2m04:59:07[22m [31m[1m[vite][22m[39m [31mhttp proxy error: /api/auth/status[39m
AggregateError [ECONNREFUSED]: 
    at internalConnectMultiple (node:net:1193:18)
    at afterConnectMultiple (node:net:1783:7)
[2m04:59:12[22m [31m[1m[vite][22m[39m [31mhttp proxy error: /api/contact[39m
AggregateError [ECONNREFUSED]: 
    at internalConnectMultiple (node:net:1193:18)
    at afterConnectMultiple (node:net:1783:7)
[2m04:59:13[22m [31m[1m[vite][22m[39m [31mhttp proxy error: /api/auth/status[39m
AggregateError [ECONNREFUSED]: 
    at internalConnectMultiple (node:net:1193:18)
    at afterConnectMultiple (node:net:1783:7)
[2m04:59:19[22m [31m[1m[vite][22m[39m [31mhttp proxy error: /api/auth/status[39m
AggregateError [ECONNREFUSED]: 
    at internalConnectMultiple (node:net:1193:18)
    at afterConnectMultiple (node:net:1783:7)
[2m04:59:25[22m [31m[1m[vite][22m[39m [31mhttp proxy error: /api/auth/status[39m
AggregateError [ECONNREFUSED]: 
    at internalConnectMultiple (node:net:1193:18)
    at afterConnectMultiple (node:net:1783:7)
[2m04:59:31[22m [31m[1m[vite][22m[39m [31mhttp proxy error: /api/auth/status[39m
AggregateError [ECONNREFUSED]: 
    at internalConnectMultiple (node:net:1193:18)
    at afterConnectMultiple (node:net:1783:7)
[2m04:59:37[22m [31m[1m[vite][22m[39m [31mhttp proxy error: /api/auth/status[39m
AggregateError [ECONNREFUSED]: 
    at internalConnectMultiple (node:net:1193:18)
    at afterConnectMultiple (node:net:1783:7)
[2m04:59:41[22m [31m[1m[vite][22m[39m [31mhttp proxy error: /api/auth/status[39m
AggregateError [ECONNREFUSED]: 
    at internalConnectMultiple (node:net:1193:18)
    at afterConnectMultiple (node:net:1783:7)
[2m04:59:41[22m [31m[1m[vite][22m[39m [31mhttp proxy error: /api/auth/me[39m
AggregateError [ECONNREFUSED]: 
    at internalConnectMultiple (node:net:1193:18)
    at afterConnectMultiple (node:net:1783:7)
[2m04:59:47[22m [31m[1m[vite][22m[39m [31mhttp proxy error: /api/auth/status[39m
AggregateError [ECONNREFUSED]: 
    at internalConnectMultiple (node:net:1193:18)
    at afterConnectMultiple (node:net:1783:7)
[2m04:59:53[22m [31m[1m[vite][22m[39m [31mhttp proxy error: /api/auth/status[39m
AggregateError [ECONNREFUSED]: 
    at internalConnectMultiple (node:net:1193:18)
    at afterConnectMultiple (node:net:1783:7)
[2m04:59:54[22m [31m[1m[vite][22m[39m [31mhttp proxy error: /api/contact[39m
AggregateError [ECONNREFUSED]: 
    at internalConnectMultiple (node:net:1193:18)
    at afterConnectMultiple (node:net:1783:7)
[2m04:59:56[22m [31m[1m[vite][22m[39m [31mhttp proxy error: /api/contact[39m
AggregateError [ECONNREFUSED]: 
    at internalConnectMultiple (node:net:1193:18)
    at afterConnectMultiple (node:net:1783:7)
[2m04:59:57[22m [31m[1m[vite][22m[39m [31mhttp proxy error: /api/contact[39m
AggregateError [ECONNREFUSED]: 
    at internalConnectMultiple (node:net:1193:18)
    at afterConnectMultiple (node:net:1783:7)
[2m04:59:58[22m [31m[1m[vite][22m[39m [31mhttp proxy error: /api/auth/status[39m
AggregateError [ECONNREFUSED]: 
    at internalConnectMultiple (node:net:1193:18)
    at afterConnectMultiple (node:net:1783:7)
[2m04:59:58[22m [31m[1m[vite][22m[39m [31mhttp proxy error: /api/auth/status[39m
AggregateError [ECONNREFUSED]: 
    at internalConnectMultiple (node:net:1193:18)
    at afterConnectMultiple (node:net:1783:7)
[2m04:59:59[22m [31m[1m[vite][22m[39m [31mhttp proxy error: /api/auth/status[39m
AggregateError [ECONNREFUSED]: 
    at internalConnectMultiple (node:net:1193:18)
    at afterConnectMultiple (node:net:1783:7)
[2m05:00:05[22m [31m[1m[vite][22m[39m [31mhttp proxy error: /api/auth/status[39m
AggregateError [ECONNREFUSED]: 
    at internalConnectMultiple (node:net:1193:18)
    at afterConnectMultiple (node:net:1783:7)
[2m05:00:11[22m [31m[1m[vite][22m[39m [31mhttp proxy error: /api/auth/status[39m
AggregateError [ECONNREFUSED]: 
    at internalConnectMultiple (node:net:1193:18)
    at afterConnectMultiple (node:net:1783:7)
[2m05:00:16[22m [31m[1m[vite][22m[39m [31mhttp proxy error: /api/contact[39m
AggregateError [ECONNREFUSED]: 
    at internalConnectMultiple (node:net:1193:18)
    at afterConnectMultiple (node:net:1783:7)
[2m05:00:17[22m [31m[1m[vite][22m[39m [31mhttp proxy error: /api/auth/status[39m
AggregateError [ECONNREFUSED]: 
    at internalConnectMultiple (node:net:1193:18)
    at afterConnectMultiple (node:net:1783:7)
[2m05:00:23[22m [31m[1m[vite][22m[39m [31mhttp proxy error: /api/auth/status[39m
AggregateError [ECONNREFUSED]: 
    at internalConnectMultiple (node:net:1193:18)
    at afterConnectMultiple (node:net:1783:7)
[2m05:00:29[22m [31m[1m[vite][22m[39m [31mhttp proxy error: /api/auth/status[39m
AggregateError [ECONNREFUSED]: 
    at internalConnectMultiple (node:net:1193:18)
    at afterConnectMultiple (node:net:1783:7)
[2m05:00:35[22m [31m[1m[vite][22m[39m [31mhttp proxy error: /api/auth/status[39m
AggregateError [ECONNREFUSED]: 
    at internalConnectMultiple (node:net:1193:18)
    at afterConnectMultiple (node:net:1783:7)
[2m05:00:41[22m [31m[1m[vite][22m[39m [31mhttp proxy error: /api/auth/status[39m
AggregateError [ECONNREFUSED]: 
    at internalConnectMultiple (node:net:1193:18)
    at afterConnectMultiple (node:net:1783:7)
[2m05:00:47[22m [31m[1m[vite][22m[39m [31mhttp proxy error: /api/auth/status[39m
AggregateError [ECONNREFUSED]: 
    at internalConnectMultiple (node:net:1193:18)
    at afterConnectMultiple (node:net:1783:7)
[2m05:00:53[22m [31m[1m[vite][22m[39m [31mhttp proxy error: /api/auth/status[39m
AggregateError [ECONNREFUSED]: 
    at internalConnectMultiple (node:net:1193:18)
    at afterConnectMultiple (node:net:1783:7)
[2m05:00:58[22m [31m[1m[vite][22m[39m [31mhttp proxy error: /api/auth/status[39m
AggregateError [ECONNREFUSED]: 
    at internalConnectMultiple (node:net:1193:18)
    at afterConnectMultiple (node:net:1783:7)
[2m05:00:58[22m [31m[1m[vite][22m[39m [31mhttp proxy error: /api/auth/status[39m
AggregateError [ECONNREFUSED]: 
    at internalConnectMultiple (node:net:1193:18)
    at afterConnectMultiple (node:net:1783:7)
[2m05:00:59[22m [31m[1m[vite][22m[39m [31mhttp proxy error: /api/auth/status[39m
AggregateError [ECONNREFUSED]: 
    at internalConnectMultiple (node:net:1193:18)
    at afterConnectMultiple (node:net:1783:7)
[2m05:01:05[22m [31m[1m[vite][22m[39m [31mhttp proxy error: /api/auth/status[39m
AggregateError [ECONNREFUSED]: 
    at internalConnectMultiple (node:net:1193:18)
    at afterConnectMultiple (node:net:1783:7)
[2m05:01:11[22m [31m[1m[vite][22m[39m [31mhttp proxy error: /api/auth/status[39m
AggregateError [ECONNREFUSED]: 
    at internalConnectMultiple (node:net:1193:18)
    at afterConnectMultiple (node:net:1783:7)
[2m05:01:17[22m [31m[1m[vite][22m[39m [31mhttp proxy error: /api/auth/status[39m
AggregateError [ECONNREFUSED]: 
    at internalConnectMultiple (node:net:1193:18)
    at afterConnectMultiple (node:net:1783:7)
[2m05:01:58[22m [31m[1m[vite][22m[39m [31mhttp proxy error: /api/auth/status[39m
AggregateError [ECONNREFUSED]: 
    at internalConnectMultiple (node:net:1193:18)
    at afterConnectMultiple (node:net:1783:7)
[2m05:01:58[22m [31m[1m[vite][22m[39m [31mhttp proxy error: /api/auth/status[39m
AggregateError [ECONNREFUSED]: 
    at internalConnectMultiple (node:net:1193:18)
    at afterConnectMultiple (node:net:1783:7)
[2m05:01:58[22m [31m[1m[vite][22m[39m [31mhttp proxy error: /api/auth/status[39m
AggregateError [ECONNREFUSED]: 
    at internalConnectMultiple (node:net:1193:18)
    at afterConnectMultiple (node:net:1783:7)
